[2026-05-12 11:56:49] Servidor iniciado
[2026-05-12 11:56:49] Base de datos abierta correctamente
[2026-05-12 11:56:49] Servidor escuchando en puerto 5000
[2026-05-18 20:33:32] Servidor iniciado
[2026-05-18 20:33:32] Base de datos abierta correctamente
[2026-05-18 20:33:32] Servidor escuchando en puerto 5000
[2026-05-18 20:34:07] Cliente conectado
[2026-05-18 20:34:27] Peticion recibida: CARGAR_CSV
[2026-05-18 20:34:40] Peticion recibida: LISTAR_AEROPUERTOS
[2026-05-18 20:34:44] Peticion recibida: LISTAR_VUELOS
[2026-05-18 20:34:46] Peticion recibida: LISTAR_USUARIOS
[2026-05-18 20:34:52] Peticion recibida: LISTAR_EQUIPAJES
[2026-05-18 20:35:36] Peticion recibida: SALIR
[2026-05-18 20:35:36] Servidor cerrado
[2026-05-18 20:54:52] Servidor iniciado
[2026-05-18 20:54:52] Base de datos abierta correctamente
[2026-05-18 20:54:52] Servidor escuchando en puerto 5000
[2026-05-18 20:55:08] Cliente conectado
[2026-05-18 20:55:32] Peticion recibida: LOGIN|admin|1234
[2026-05-18 20:55:32] Login correcto: ADMIN
[2026-05-18 20:55:41] Peticion recibida: CARGAR_CSV
[2026-05-18 20:55:44] Peticion recibida: LISTAR_AEROPUERTOS
[2026-05-18 20:55:46] Peticion recibida: LISTAR_VUELOS
[2026-05-18 20:55:47] Peticion recibida: LISTAR_USUARIOS
[2026-05-18 20:55:49] Peticion recibida: LISTAR_EQUIPAJES
[2026-05-18 20:56:05] Peticion recibida: LOGIN|empleado|abcd
[2026-05-18 20:56:05] Login correcto: EMPLEADO
[2026-05-18 20:56:25] Peticion recibida: LOGIN|pasajero|1111
[2026-05-18 20:56:25] Login correcto: PASAJERO
[2026-05-18 20:57:35] Peticion recibida: SALIR
[2026-05-18 20:57:35] Servidor cerrado
[2026-05-18 21:08:59] Servidor iniciado
[2026-05-18 21:08:59] Base de datos abierta correctamente
[2026-05-18 21:08:59] Servidor escuchando en puerto 5000
[2026-05-18 21:08:59] Esperando cliente
[2026-05-18 21:09:13] Cliente conectado
[2026-05-18 21:09:25] Peticion recibida: LOGIN|admin|1234
[2026-05-18 21:09:25] Login correcto: ADMIN
[2026-05-18 21:09:42] Peticion recibida: LOGIN|empleado|abcd
[2026-05-18 21:09:42] Login correcto: EMPLEADO
[2026-05-18 21:09:52] Peticion recibida: LOGIN|pasajero|1111
[2026-05-18 21:09:52] Login correcto: PASAJERO
[2026-05-18 21:09:56] Peticion recibida: SALIR
[2026-05-18 21:09:56] Conexion con cliente cerrada
[2026-05-18 21:09:56] Esperando cliente
[2026-05-18 21:10:01] Cliente conectado
[2026-05-18 21:10:06] Peticion recibida: LOGIN|admin|1234
[2026-05-18 21:10:06] Login correcto: ADMIN
[2026-05-18 21:10:15] Peticion recibida: LOGIN|as|f
[2026-05-18 21:10:15] Login incorrecto para usuario: as
[2026-05-18 21:10:21] Peticion recibida: LOGIN|3535|465456
[2026-05-18 21:10:21] Login incorrecto para usuario: 3535
[2026-05-18 21:10:23] Peticion recibida: LOGIN||
[2026-05-18 21:10:23] Intento de login con formato incorrecto
[2026-05-18 21:10:29] Peticion recibida: LOGIN||
[2026-05-18 21:10:29] Intento de login con formato incorrecto
[2026-05-18 21:10:34] Peticion recibida: LOGIN|admin|1234
[2026-05-18 21:10:34] Login correcto: ADMIN
[2026-05-18 21:10:36] Peticion recibida: SALIR
[2026-05-18 21:10:36] Conexion con cliente cerrada
[2026-05-18 21:10:36] Esperando cliente
[2026-05-19 10:38:23] Servidor iniciado
[2026-05-19 10:38:23] Base de datos abierta correctamente
[2026-05-19 10:38:23] Servidor escuchando en puerto 5000
[2026-05-19 10:38:23] Esperando cliente
[2026-05-19 10:38:32] Cliente conectado
[2026-05-19 10:38:43] Peticion recibida: LOGIN|admin|1234
[2026-05-19 10:38:43] Login correcto: ADMIN
[2026-05-19 10:38:46] Peticion recibida: LISTAR_AEROPUERTOS
[2026-05-19 10:38:52] Peticion recibida: LISTAR_VUELOS
[2026-05-19 10:39:01] Peticion recibida: BUSCAR_VUELO|V114
[2026-05-19 10:39:18] Peticion recibida: LOGIN|empleado|abcd
[2026-05-19 10:39:18] Login correcto: EMPLEADO
[2026-05-19 10:39:25] Peticion recibida: BUSCAR_VUELO|V117
[2026-05-19 10:39:35] Peticion recibida: LOGIN|pasajero|1111
[2026-05-19 10:39:35] Login correcto: PASAJERO
[2026-05-19 10:39:47] Peticion recibida: BUSCAR_VUELO|V100
[2026-05-19 10:39:55] Peticion recibida: SALIR
[2026-05-19 10:39:55] Conexion con cliente cerrada
[2026-05-19 10:39:55] Esperando cliente
[2026-05-19 20:06:50] Servidor iniciado
[2026-05-19 20:06:50] Base de datos abierta correctamente
[2026-05-19 20:06:50] Servidor escuchando en puerto 5000
[2026-05-19 20:06:50] Esperando cliente
[2026-05-19 20:07:03] Cliente conectado
[2026-05-19 20:07:33] Peticion recibida: LOGIN|admin|1234
[2026-05-19 20:07:33] Login correcto: ADMIN
[2026-05-19 20:07:37] Peticion recibida: CARGAR_CSV
[2026-05-19 20:07:39] Peticion recibida: LISTAR_AEROPUERTOS
[2026-05-19 20:07:41] Peticion recibida: LISTAR_VUELOS
[2026-05-19 20:07:42] Peticion recibida: LISTAR_USUARIOS
[2026-05-19 20:07:44] Peticion recibida: LISTAR_EQUIPAJES
[2026-05-19 20:07:49] Peticion recibida: BUSCAR_VUELO|V100
[2026-05-19 20:08:00] Peticion recibida: LOGIN|empleado|abcd
[2026-05-19 20:08:00] Login correcto: EMPLEADO
[2026-05-19 20:08:27] Peticion recibida: BUSCAR_VUELO|V114
[2026-05-19 20:08:39] Peticion recibida: LOGIN|pasajero|1111
[2026-05-19 20:08:39] Login correcto: PASAJERO
[2026-05-19 20:08:48] Peticion recibida: BUSCAR_VUELO|V112
[2026-05-19 20:08:54] Peticion recibida: LOGIN||
[2026-05-19 20:08:54] Intento de login con formato incorrecto
[2026-05-19 20:08:57] Peticion recibida: LOGIN|2334|24324
[2026-05-19 20:08:57] Login incorrecto para usuario: 2334
[2026-05-19 20:09:05] Peticion recibida: LOGIN|pasajero|1112
[2026-05-19 20:09:05] Login incorrecto para usuario: pasajero
[2026-05-19 20:09:10] Peticion recibida: LOGIN|pasajero|1111
[2026-05-19 20:09:10] Login correcto: PASAJERO
[2026-05-19 20:09:11] Peticion recibida: SALIR
[2026-05-19 20:09:11] Conexion con cliente cerrada
[2026-05-19 20:09:11] Esperando cliente
[2026-05-19 21:00:23] Servidor iniciado
[2026-05-19 21:00:23] Base de datos abierta correctamente
[2026-05-19 21:00:23] Servidor escuchando en puerto 5000
[2026-05-19 21:00:23] Esperando cliente
[2026-05-19 21:00:30] Cliente conectado
[2026-05-19 21:00:39] Peticion recibida: LOGIN|admin|1234
[2026-05-19 21:00:39] Login correcto: ADMIN
[2026-05-19 21:00:42] Peticion recibida: CARGAR_CSV
[2026-05-19 21:00:44] Peticion recibida: LISTAR_AEROPUERTOS
[2026-05-19 21:00:45] Peticion recibida: LISTAR_VUELOS
[2026-05-19 21:00:47] Peticion recibida: LISTAR_USUARIOS
[2026-05-19 21:00:49] Peticion recibida: LISTAR_EQUIPAJES
[2026-05-19 21:00:55] Peticion recibida: BUSCAR_VUELO|V100
[2026-05-19 21:01:35] Peticion recibida: BUSCAR_VUELOS_ORIGEN_DESTINO|VIE|BRU
[2026-05-19 21:02:01] Peticion recibida: LOGIN|empleado|abcd
[2026-05-19 21:02:01] Login correcto: EMPLEADO
[2026-05-19 21:02:13] Peticion recibida: BUSCAR_VUELO|V100
[2026-05-19 21:02:21] Peticion recibida: BUSCAR_VUELOS_ORIGEN_DESTINO|VIE|BRU
[2026-05-19 21:02:29] Peticion recibida: BUSCAR_VUELOS_ORIGEN_DESTINO|VIE|BRRF
[2026-05-19 21:02:42] Peticion recibida: LOGIN|pasajero|1111
[2026-05-19 21:02:42] Login correcto: PASAJERO
[2026-05-19 21:02:49] Peticion recibida: BUSCAR_VUELO|V114
[2026-05-19 21:02:57] Peticion recibida: BUSCAR_VUELOS_ORIGEN_DESTINO|VIE|BRU
[2026-05-19 21:03:01] Peticion recibida: SALIR
[2026-05-19 21:03:01] Conexion con cliente cerrada
[2026-05-19 21:03:01] Esperando cliente
[2026-05-21 11:19:13] Servidor iniciado
[2026-05-21 11:19:13] Base de datos abierta correctamente
[2026-05-21 11:19:13] Servidor escuchando en puerto 5000
[2026-05-21 11:19:13] Esperando cliente
[2026-05-21 11:19:19] Cliente conectado
[2026-05-21 11:19:27] Peticion recibida: LOGIN|admin|1234
[2026-05-21 11:19:27] Login correcto: ADMIN
[2026-05-21 11:19:48] Peticion recibida: LOGIN|empleado|abcd
[2026-05-21 11:19:48] Login correcto: EMPLEADO
[2026-05-21 11:19:56] Peticion recibida: LOGIN|pasajero|1111
[2026-05-21 11:19:56] Login correcto: PASAJERO
[2026-05-21 11:20:02] Peticion recibida: BUSCAR_VUELO|V100
[2026-05-21 11:20:06] Peticion recibida: COMPRAR_BILLETE|V100
[2026-05-21 11:24:01] Peticion recibida: SALIR
[2026-05-21 11:24:01] Conexion con cliente cerrada
[2026-05-21 11:24:01] Esperando cliente
[2026-05-23 11:49:20] Servidor iniciado
[2026-05-23 11:49:20] Base de datos abierta correctamente
[2026-05-23 11:49:20] Servidor escuchando en puerto 5000
[2026-05-23 11:49:20] Esperando cliente
[2026-05-23 11:49:26] Cliente conectado
[2026-05-23 11:49:33] Peticion recibida: LOGIN|admin|1234
[2026-05-23 11:49:33] Login correcto: ADMIN
[2026-05-23 11:50:21] Peticion recibida: CARGAR_CSV
[2026-05-23 11:50:22] Peticion recibida: LISTAR_AEROPUERTOS
[2026-05-23 11:50:24] Peticion recibida: LISTAR_VUELOS
[2026-05-23 11:50:26] Peticion recibida: LISTAR_USUARIOS
[2026-05-23 11:50:27] Peticion recibida: LISTAR_EQUIPAJES
[2026-05-23 11:50:45] Peticion recibida: BUSCAR_VUELO|V124
[2026-05-23 11:51:00] Peticion recibida: BUSCAR_VUELOS_ORIGEN_DESTINO|PEK|ATH
[2026-05-23 11:51:58] Peticion recibida: LOGIN|empleado|abcd
[2026-05-23 11:51:58] Login correcto: EMPLEADO
[2026-05-23 11:52:08] Peticion recibida: BUSCAR_VUELO|V100
[2026-05-23 11:52:18] Peticion recibida: BUSCAR_VUELOS_ORIGEN_DESTINO|PEK|ATH
[2026-05-23 11:53:10] Peticion recibida: LOGIN|pasajero|1111
[2026-05-23 11:53:10] Login correcto: PASAJERO
[2026-05-23 11:53:30] Peticion recibida: BUSCAR_VUELO|v112
[2026-05-23 11:53:45] Peticion recibida: BUSCAR_VUELO|V100
[2026-05-23 11:54:03] Peticion recibida: BUSCAR_VUELOS_ORIGEN_DESTINO|PEK|ATH
[2026-05-23 11:54:08] Peticion recibida: BUSCAR_VUELO|V100
[2026-05-23 11:54:11] Peticion recibida: COMPRAR_BILLETE|V100
[2026-05-23 11:56:26] Peticion recibida: BUSCAR_VUELO|V112
[2026-05-23 11:56:33] Peticion recibida: SALIR
[2026-05-23 11:56:33] Conexion con cliente cerrada
[2026-05-23 11:56:33] Esperando cliente
[2026-05-23 12:12:56] Servidor iniciado
[2026-05-23 12:12:56] Base de datos abierta correctamente
[2026-05-23 12:12:56] Servidor escuchando en puerto 5000
[2026-05-23 12:12:56] Esperando cliente
[2026-05-23 12:13:03] Cliente conectado
[2026-05-23 12:13:09] Peticion recibida: LOGIN|pasajero|1111
[2026-05-23 12:13:09] Login correcto: PASAJERO
[2026-05-23 12:13:22] Peticion recibida: LOGIN|admin|1234
[2026-05-23 12:13:22] Login correcto: ADMIN
[2026-05-23 12:13:27] Peticion recibida: CARGAR_CSV
[2026-05-23 12:13:36] Peticion recibida: LOGIN|empleado|abcd
[2026-05-23 12:13:36] Login correcto: EMPLEADO
[2026-05-23 12:13:44] Peticion recibida: LOGIN|pasajero|1111
[2026-05-23 12:13:44] Login correcto: PASAJERO
[2026-05-23 12:14:44] Peticion recibida: LOGIN|juan@gmail.com|1234
[2026-05-23 12:14:44] Login incorrecto para usuario: juan@gmail.com
[2026-05-23 12:15:00] Peticion recibida: LOGIN|pasajero|1234
[2026-05-23 12:15:00] Login incorrecto para usuario: pasajero
[2026-05-23 12:15:06] Peticion recibida: LOGIN||
[2026-05-23 12:15:06] Intento de login con formato incorrecto
[2026-05-23 12:16:53] Peticion recibida: LOGIN|1|1111
[2026-05-23 12:16:53] Login incorrecto para usuario: 1
[2026-05-23 12:18:08] Peticion recibida: LOGIN|admin|1234
[2026-05-23 12:18:08] Login correcto: ADMIN
[2026-05-23 12:18:10] Peticion recibida: LISTAR_USUARIOS
[2026-05-23 12:18:30] Peticion recibida: LOGIN|elena.leon360@gmail.com|1111
[2026-05-23 12:18:30] Login incorrecto para usuario: elena.leon360@gmail.com
[2026-05-23 12:18:39] Peticion recibida: LOGIN|elena.leon360@gmail.com|1234
[2026-05-23 12:18:39] Login incorrecto para usuario: elena.leon360@gmail.com
[2026-05-23 12:19:54] Peticion recibida: LOGIN||
[2026-05-23 12:19:54] Intento de login con formato incorrecto
[2026-05-23 12:20:00] Peticion recibida: LOGIN|admin|1234
[2026-05-23 12:20:00] Login correcto: ADMIN
[2026-05-23 12:20:03] Peticion recibida: SALIR
[2026-05-23 12:20:03] Conexion con cliente cerrada
[2026-05-23 12:20:03] Esperando cliente
[2026-05-23 12:20:55] Servidor iniciado
[2026-05-23 12:20:55] Base de datos abierta correctamente
[2026-05-23 12:20:55] Servidor escuchando en puerto 5000
[2026-05-23 12:20:55] Esperando cliente
[2026-05-23 12:21:02] Cliente conectado
[2026-05-23 12:21:06] Peticion recibida: LOGIN|admin|1234
[2026-05-23 12:21:06] Login correcto: ADMIN
[2026-05-23 12:21:14] Peticion recibida: LOGIN|empleado|abcd
[2026-05-23 12:21:14] Login correcto: EMPLEADO
[2026-05-23 12:21:18] Peticion recibida: LOGIN||
[2026-05-23 12:21:18] Intento de login con formato incorrecto
[2026-05-23 12:21:23] Peticion recibida: LOGIN|pasajero|1111
[2026-05-23 12:21:23] Login correcto: PASAJERO
[2026-05-23 12:21:29] Peticion recibida: BUSCAR_VUELO|V100
[2026-05-23 12:21:30] Peticion recibida: COMPRAR_BILLETE|1|V100
[2026-05-23 12:33:01] Peticion recibida: SALIR
[2026-05-23 12:33:01] Conexion con cliente cerrada
[2026-05-23 12:33:01] Esperando cliente
[2026-05-23 12:44:42] Servidor iniciado
[2026-05-23 12:44:42] Base de datos abierta correctamente
[2026-05-23 12:44:42] Servidor escuchando en puerto 5000
[2026-05-23 12:44:42] Esperando cliente
[2026-05-23 12:44:49] Cliente conectado
[2026-05-23 12:44:55] Peticion recibida: LOGIN|admin|1234
[2026-05-23 12:44:55] Login correcto: ADMIN
[2026-05-23 12:45:02] Peticion recibida: LOGIN||
[2026-05-23 12:45:02] Intento de login con formato incorrecto
[2026-05-23 12:45:08] Peticion recibida: LOGIN|empleado|abcd
[2026-05-23 12:45:08] Login correcto: EMPLEADO
[2026-05-23 12:45:16] Peticion recibida: LOGIN|pasajero|1111
[2026-05-23 12:45:16] Login correcto: PASAJERO
[2026-05-23 12:45:21] Peticion recibida: BUSCAR_VUELO|V112
[2026-05-23 12:45:22] Peticion recibida: COMPRAR_BILLETE|1|V112
[2026-05-23 12:45:32] Peticion recibida: VER_MIS_BILLETES
[2026-05-23 12:45:46] Peticion recibida: BUSCAR_VUELO|V098
[2026-05-23 12:45:48] Peticion recibida: COMPRAR_BILLETE|1|V098
[2026-05-23 12:45:55] Peticion recibida: VER_MIS_BILLETES
[2026-05-23 12:46:03] Peticion recibida: SALIR
[2026-05-23 12:46:03] Conexion con cliente cerrada
[2026-05-23 12:46:03] Esperando cliente
[2026-05-23 12:52:32] Servidor iniciado
[2026-05-23 12:52:32] Base de datos abierta correctamente
[2026-05-23 12:52:32] Servidor escuchando en puerto 5000
[2026-05-23 12:52:32] Esperando cliente
[2026-05-23 12:52:38] Cliente conectado
[2026-05-23 12:52:43] Peticion recibida: LOGIN|pasajero|1111
[2026-05-23 12:52:43] Login correcto: PASAJERO
[2026-05-23 12:52:46] Peticion recibida: VER_MIS_BILLETES
[2026-05-23 12:52:51] Peticion recibida: BUSCAR_VUELO|V100
[2026-05-23 12:52:54] Peticion recibida: COMPRAR_BILLETE|1|V100
[2026-05-23 12:52:59] Peticion recibida: VER_MIS_BILLETES
[2026-05-23 12:53:12] Peticion recibida: SALIR
[2026-05-23 12:53:12] Conexion con cliente cerrada
[2026-05-23 12:53:12] Esperando cliente
[2026-05-23 12:53:17] Cliente conectado
[2026-05-23 12:53:23] Peticion recibida: LOGIN|pasajero|1111
[2026-05-23 12:53:23] Login correcto: PASAJERO
[2026-05-23 12:53:25] Peticion recibida: VER_MIS_BILLETES
[2026-05-23 12:53:35] Peticion recibida: SALIR
[2026-05-23 12:53:35] Conexion con cliente cerrada
[2026-05-23 12:53:35] Esperando cliente
